
> nx run shell:test --testFile=app.component.spec.ts

[0m[7m[1m[31m FAIL [39m[22m[27m[0m [0m[7m[37m shell [39m[27m[0m [2mapps/shell/src/app/[22m[1mapp.component.spec.ts[22m ([0m[1m[41m8.643 s[49m[22m[0m)
  AppComponent
    [31m✕[39m [2mshould create the app (2009 ms)[22m
    [31m✕[39m [2mshould have as title 'shell' (2210 ms)[22m
    [31m✕[39m [2mshould render title (1768 ms)[22m
[1m[31m  [1m● [22m[1mAppComponent › should create the app[39m[22m
    RangeError: Maximum call stack size exceeded
[2m[22m
[2m      [2mat HTMLElementImpl._descendantAdded ([22m[2m../../node_modules/.pnpm/jsdom@20.0.3/node_modules/jsdom/lib/jsdom/living/nodes/Node-impl.js[2m:249:19)[22m[2m[22m
[2m      [2mat HTMLElementImpl._descendantAdded ([22m[2m../../node_modules/.pnpm/jsdom@20.0.3/node_modules/jsdom/lib/jsdom/living/nodes/Node-impl.js[2m:252:16)[22m[2m[22m
[2m      [2mat HTMLElementImpl._descendantAdded ([22m[2m../../node_modules/.pnpm/jsdom@20.0.3/node_modules/jsdom/lib/jsdom/living/nodes/Node-impl.js[2m:252:16)[22m[2m[22m
[2m      [2mat HTMLElementImpl._descendantAdded ([22m[2m../../node_modules/.pnpm/jsdom@20.0.3/node_modules/jsdom/lib/jsdom/living/nodes/Node-impl.js[2m:252:16)[22m[2m[22m
[2m      [2mat HTMLElementImpl._descendantAdded ([22m[2m../../node_modules/.pnpm/jsdom@20.0.3/node_modules/jsdom/lib/jsdom/living/nodes/Node-impl.js[2m:252:16)[22m[2m[22m
[2m      [2mat HTMLElementImpl._descendantAdded ([22m[2m../../node_modules/.pnpm/jsdom@20.0.3/node_modules/jsdom/lib/jsdom/living/nodes/Node-impl.js[2m:252:16)[22m[2m[22m
[2m      [2mat HTMLElementImpl._descendantAdded ([22m[2m../../node_modules/.pnpm/jsdom@20.0.3/node_modules/jsdom/lib/jsdom/living/nodes/Node-impl.js[2m:252:16)[22m[2m[22m
[2m      [2mat HTMLElementImpl._descendantAdded ([22m[2m../../node_modules/.pnpm/jsdom@20.0.3/node_modules/jsdom/lib/jsdom/living/nodes/Node-impl.js[2m:252:16)[22m[2m[22m
[2m      [2mat HTMLElementImpl._descendantAdded ([22m[2m../../node_modules/.pnpm/jsdom@20.0.3/node_modules/jsdom/lib/jsdom/living/nodes/Node-impl.js[2m:252:16)[22m[2m[22m
[2m      [2mat HTMLElementImpl._descendantAdded ([22m[2m../../node_modules/.pnpm/jsdom@20.0.3/node_modules/jsdom/lib/jsdom/living/nodes/Node-impl.js[2m:252:16)[22m[2m[22m
[2m      [2mat HTMLElementImpl._descendantAdded ([22m[2m../../node_modules/.pnpm/jsdom@20.0.3/node_modules/jsdom/lib/jsdom/living/nodes/Node-impl.js[2m:252:16)[22m[2m[22m
[2m      [2mat HTMLElementImpl._descendantAdded ([22m[2m../../node_modules/.pnpm/jsdom@20.0.3/node_modules/jsdom/lib/jsdom/living/nodes/Node-impl.js[2m:252:16)[22m[2m[22m
[2m      [2mat HTMLElementImpl._descendantAdded ([22m[2m../../node_modules/.pnpm/jsdom@20.0.3/node_modules/jsdom/lib/jsdom/living/nodes/Node-impl.js[2m:252:16)[22m[2m[22m
[2m      [2mat HTMLElementImpl._descendantAdded ([22m[2m../../node_modules/.pnpm/jsdom@20.0.3/node_modules/jsdom/lib/jsdom/living/nodes/Node-impl.js[2m:252:16)[22m[2m[22m
[2m      [2mat HTMLElementImpl._descendantAdded ([22m[2m../../node_modules/.pnpm/jsdom@20.0.3/node_modules/jsdom/lib/jsdom/living/nodes/Node-impl.js[2m:252:16)[22m[2m[22m
[2m      [2mat HTMLElementImpl._descendantAdded ([22m[2m../../node_modules/.pnpm/jsdom@20.0.3/node_modules/jsdom/lib/jsdom/living/nodes/Node-impl.js[2m:252:16)[22m[2m[22m
[2m      [2mat HTMLElementImpl._descendantAdded ([22m[2m../../node_modules/.pnpm/jsdom@20.0.3/node_modules/jsdom/lib/jsdom/living/nodes/Node-impl.js[2m:252:16)[22m[2m[22m
[2m      [2mat HTMLElementImpl._descendantAdded ([22m[2m../../node_modules/.pnpm/jsdom@20.0.3/node_modules/jsdom/lib/jsdom/living/nodes/Node-impl.js[2m:252:16)[22m[2m[22m
[2m      [2mat HTMLElementImpl._descendantAdded ([22m[2m../../node_modules/.pnpm/jsdom@20.0.3/node_modules/jsdom/lib/jsdom/living/nodes/Node-impl.js[2m:252:16)[22m[2m[22m
[2m      [2mat HTMLElementImpl._descendantAdded ([22m[2m../../node_modules/.pnpm/jsdom@20.0.3/node_modules/jsdom/lib/jsdom/living/nodes/Node-impl.js[2m:252:16)[22m[2m[22m
[2m      [2mat HTMLElementImpl._descendantAdded ([22m[2m../../node_modules/.pnpm/jsdom@20.0.3/node_modules/jsdom/lib/jsdom/living/nodes/Node-impl.js[2m:252:16)[22m[2m[22m
[2m      [2mat HTMLElementImpl._descendantAdded ([22m[2m../../node_modules/.pnpm/jsdom@20.0.3/node_modules/jsdom/lib/jsdom/living/nodes/Node-impl.js[2m:252:16)[22m[2m[22m
[2m      [2mat HTMLElementImpl._descendantAdded ([22m[2m../../node_modules/.pnpm/jsdom@20.0.3/node_modules/jsdom/lib/jsdom/living/nodes/Node-impl.js[2m:252:16)[22m[2m[22m
[2m      [2mat HTMLElementImpl._descendantAdded ([22m[2m../../node_modules/.pnpm/jsdom@20.0.3/node_modules/jsdom/lib/jsdom/living/nodes/Node-impl.js[2m:252:16)[22m[2m[22m
[2m      [2mat HTMLElementImpl._descendantAdded ([22m[2m../../node_modules/.pnpm/jsdom@20.0.3/node_modules/jsdom/lib/jsdom/living/nodes/Node-impl.js[2m:252:16)[22m[2m[22m
[2m      [2mat HTMLElementImpl._descendantAdded ([22m[2m../../node_modules/.pnpm/jsdom@20.0.3/node_modules/jsdom/lib/jsdom/living/nodes/Node-impl.js[2m:252:16)[22m[2m[22m
[2m      [2mat HTMLElementImpl._descendantAdded ([22m[2m../../node_modules/.pnpm/jsdom@20.0.3/node_modules/jsdom/lib/jsdom/living/nodes/Node-impl.js[2m:252:16)[22m[2m[22m
[2m      [2mat HTMLElementImpl._descendantAdded ([22m[2m../../node_modules/.pnpm/jsdom@20.0.3/node_modules/jsdom/lib/jsdom/living/nodes/Node-impl.js[2m:252:16)[22m[2m[22m
[2m      [2mat HTMLElementImpl._descendantAdded ([22m[2m../../node_modules/.pnpm/jsdom@20.0.3/node_modules/jsdom/lib/jsdom/living/nodes/Node-impl.js[2m:252:16)[22m[2m[22m
[2m      [2mat HTMLElementImpl._descendantAdded ([22m[2m../../node_modules/.pnpm/jsdom@20.0.3/node_modules/jsdom/lib/jsdom/living/nodes/Node-impl.js[2m:252:16)[22m[2m[22m
[2m      [2mat HTMLElementImpl._descendantAdded ([22m[2m../../node_modules/.pnpm/jsdom@20.0.3/node_modules/jsdom/lib/jsdom/living/nodes/Node-impl.js[2m:252:16)[22m[2m[22m
[2m      [2mat HTMLElementImpl._descendantAdded ([22m[2m../../node_modules/.pnpm/jsdom@20.0.3/node_modules/jsdom/lib/jsdom/living/nodes/Node-impl.js[2m:252:16)[22m[2m[22m
[2m      [2mat HTMLElementImpl._descendantAdded ([22m[2m../../node_modules/.pnpm/jsdom@20.0.3/node_modules/jsdom/lib/jsdom/living/nodes/Node-impl.js[2m:252:16)[22m[2m[22m
[2m      [2mat HTMLElementImpl._descendantAdded ([22m[2m../../node_modules/.pnpm/jsdom@20.0.3/node_modules/jsdom/lib/jsdom/living/nodes/Node-impl.js[2m:252:16)[22m[2m[22m
[2m      [2mat HTMLElementImpl._descendantAdded ([22m[2m../../node_modules/.pnpm/jsdom@20.0.3/node_modules/jsdom/lib/jsdom/living/nodes/Node-impl.js[2m:252:16)[22m[2m[22m
[2m      [2mat HTMLElementImpl._descendantAdded ([22m[2m../../node_modules/.pnpm/jsdom@20.0.3/node_modules/jsdom/lib/jsdom/living/nodes/Node-impl.js[2m:252:16)[22m[2m[22m
[2m      [2mat HTMLElementImpl._descendantAdded ([22m[2m../../node_modules/.pnpm/jsdom@20.0.3/node_modules/jsdom/lib/jsdom/living/nodes/Node-impl.js[2m:252:16)[22m[2m[22m
[2m      [2mat HTMLElementImpl._descendantAdded ([22m[2m../../node_modules/.pnpm/jsdom@20.0.3/node_modules/jsdom/lib/jsdom/living/nodes/Node-impl.js[2m:252:16)[22m[2m[22m
[2m      [2mat HTMLElementImpl._descendantAdded ([22m[2m../../node_modules/.pnpm/jsdom@20.0.3/node_modules/jsdom/lib/jsdom/living/nodes/Node-impl.js[2m:252:16)[22m[2m[22m
[2m      [2mat HTMLElementImpl._descendantAdded ([22m[2m../../node_modules/.pnpm/jsdom@20.0.3/node_modules/jsdom/lib/jsdom/living/nodes/Node-impl.js[2m:252:16)[22m[2m[22m
[2m      [2mat HTMLElementImpl._descendantAdded ([22m[2m../../node_modules/.pnpm/jsdom@20.0.3/node_modules/jsdom/lib/jsdom/living/nodes/Node-impl.js[2m:252:16)[22m[2m[22m
[2m      [2mat HTMLElementImpl._descendantAdded ([22m[2m../../node_modules/.pnpm/jsdom@20.0.3/node_modules/jsdom/lib/jsdom/living/nodes/Node-impl.js[2m:252:16)[22m[2m[22m
[2m      [2mat HTMLElementImpl._descendantAdded ([22m[2m../../node_modules/.pnpm/jsdom@20.0.3/node_modules/jsdom/lib/jsdom/living/nodes/Node-impl.js[2m:252:16)[22m[2m[22m
[2m      [2mat HTMLElementImpl._descendantAdded ([22m[2m../../node_modules/.pnpm/jsdom@20.0.3/node_modules/jsdom/lib/jsdom/living/nodes/Node-impl.js[2m:252:16)[22m[2m[22m
[2m      [2mat HTMLElementImpl._descendantAdded ([22m[2m../../node_modules/.pnpm/jsdom@20.0.3/node_modules/jsdom/lib/jsdom/living/nodes/Node-impl.js[2m:252:16)[22m[2m[22m
[2m      [2mat HTMLElementImpl._descendantAdded ([22m[2m../../node_modules/.pnpm/jsdom@20.0.3/node_modules/jsdom/lib/jsdom/living/nodes/Node-impl.js[2m:252:16)[22m[2m[22m
[2m      [2mat HTMLElementImpl._descendantAdded ([22m[2m../../node_modules/.pnpm/jsdom@20.0.3/node_modules/jsdom/lib/jsdom/living/nodes/Node-impl.js[2m:252:16)[22m[2m[22m
[2m      [2mat HTMLElementImpl._descendantAdded ([22m[2m../../node_modules/.pnpm/jsdom@20.0.3/node_modules/jsdom/lib/jsdom/living/nodes/Node-impl.js[2m:252:16)[22m[2m[22m
[2m      [2mat HTMLElementImpl._descendantAdded ([22m[2m../../node_modules/.pnpm/jsdom@20.0.3/node_modules/jsdom/lib/jsdom/living/nodes/Node-impl.js[2m:252:16)[22m[2m[22m
[2m      [2mat HTMLElementImpl._descendantAdded ([22m[2m../../node_modules/.pnpm/jsdom@20.0.3/node_modules/jsdom/lib/jsdom/living/nodes/Node-impl.js[2m:252:16)[22m[2m[22m
[2m      [2mat HTMLElementImpl._descendantAdded ([22m[2m../../node_modules/.pnpm/jsdom@20.0.3/node_modules/jsdom/lib/jsdom/living/nodes/Node-impl.js[2m:252:16)[22m[2m[22m
[2m      [2mat HTMLElementImpl._descendantAdded ([22m[2m../../node_modules/.pnpm/jsdom@20.0.3/node_modules/jsdom/lib/jsdom/living/nodes/Node-impl.js[2m:252:16)[22m[2m[22m
[2m      [2mat HTMLElementImpl._descendantAdded ([22m[2m../../node_modules/.pnpm/jsdom@20.0.3/node_modules/jsdom/lib/jsdom/living/nodes/Node-impl.js[2m:252:16)[22m[2m[22m
[2m      [2mat HTMLElementImpl._descendantAdded ([22m[2m../../node_modules/.pnpm/jsdom@20.0.3/node_modules/jsdom/lib/jsdom/living/nodes/Node-impl.js[2m:252:16)[22m[2m[22m
[2m      [2mat HTMLElementImpl._descendantAdded ([22m[2m../../node_modules/.pnpm/jsdom@20.0.3/node_modules/jsdom/lib/jsdom/living/nodes/Node-impl.js[2m:252:16)[22m[2m[22m
[2m      [2mat HTMLElementImpl._descendantAdded ([22m[2m../../node_modules/.pnpm/jsdom@20.0.3/node_modules/jsdom/lib/jsdom/living/nodes/Node-impl.js[2m:252:16)[22m[2m[22m
[2m      [2mat HTMLElementImpl._descendantAdded ([22m[2m../../node_modules/.pnpm/jsdom@20.0.3/node_modules/jsdom/lib/jsdom/living/nodes/Node-impl.js[2m:252:16)[22m[2m[22m
[2m      [2mat HTMLElementImpl._descendantAdded ([22m[2m../../node_modules/.pnpm/jsdom@20.0.3/node_modules/jsdom/lib/jsdom/living/nodes/Node-impl.js[2m:252:16)[22m[2m[22m
[2m      [2mat HTMLElementImpl._descendantAdded ([22m[2m../../node_modules/.pnpm/jsdom@20.0.3/node_modules/jsdom/lib/jsdom/living/nodes/Node-impl.js[2m:252:16)[22m[2m[22m
[2m      [2mat HTMLElementImpl._descendantAdded ([22m[2m../../node_modules/.pnpm/jsdom@20.0.3/node_modules/jsdom/lib/jsdom/living/nodes/Node-impl.js[2m:252:16)[22m[2m[22m
[2m      [2mat HTMLElementImpl._descendantAdded ([22m[2m../../node_modules/.pnpm/jsdom@20.0.3/node_modules/jsdom/lib/jsdom/living/nodes/Node-impl.js[2m:252:16)[22m[2m[22m
[2m      [2mat HTMLElementImpl._descendantAdded ([22m[2m../../node_modules/.pnpm/jsdom@20.0.3/node_modules/jsdom/lib/jsdom/living/nodes/Node-impl.js[2m:252:16)[22m[2m[22m
[2m      [2mat HTMLElementImpl._descendantAdded ([22m[2m../../node_modules/.pnpm/jsdom@20.0.3/node_modules/jsdom/lib/jsdom/living/nodes/Node-impl.js[2m:252:16)[22m[2m[22m
[2m      [2mat HTMLElementImpl._descendantAdded ([22m[2m../../node_modules/.pnpm/jsdom@20.0.3/node_modules/jsdom/lib/jsdom/living/nodes/Node-impl.js[2m:252:16)[22m[2m[22m
[2m      [2mat HTMLElementImpl._descendantAdded ([22m[2m../../node_modules/.pnpm/jsdom@20.0.3/node_modules/jsdom/lib/jsdom/living/nodes/Node-impl.js[2m:252:16)[22m[2m[22m
[2m      [2mat HTMLElementImpl._descendantAdded ([22m[2m../../node_modules/.pnpm/jsdom@20.0.3/node_modules/jsdom/lib/jsdom/living/nodes/Node-impl.js[2m:252:16)[22m[2m[22m
[2m      [2mat HTMLElementImpl._descendantAdded ([22m[2m../../node_modules/.pnpm/jsdom@20.0.3/node_modules/jsdom/lib/jsdom/living/nodes/Node-impl.js[2m:252:16)[22m[2m[22m
[2m      [2mat HTMLElementImpl._descendantAdded ([22m[2m../../node_modules/.pnpm/jsdom@20.0.3/node_modules/jsdom/lib/jsdom/living/nodes/Node-impl.js[2m:252:16)[22m[2m[22m
[2m      [2mat HTMLElementImpl._descendantAdded ([22m[2m../../node_modules/.pnpm/jsdom@20.0.3/node_modules/jsdom/lib/jsdom/living/nodes/Node-impl.js[2m:252:16)[22m[2m[22m
[2m      [2mat HTMLElementImpl._descendantAdded ([22m[2m../../node_modules/.pnpm/jsdom@20.0.3/node_modules/jsdom/lib/jsdom/living/nodes/Node-impl.js[2m:252:16)[22m[2m[22m
[2m      [2mat HTMLElementImpl._descendantAdded ([22m[2m../../node_modules/.pnpm/jsdom@20.0.3/node_modules/jsdom/lib/jsdom/living/nodes/Node-impl.js[2m:252:16)[22m[2m[22m
[2m      [2mat HTMLElementImpl._descendantAdded ([22m[2m../../node_modules/.pnpm/jsdom@20.0.3/node_modules/jsdom/lib/jsdom/living/nodes/Node-impl.js[2m:252:16)[22m[2m[22m
[2m      [2mat HTMLElementImpl._descendantAdded ([22m[2m../../node_modules/.pnpm/jsdom@20.0.3/node_modules/jsdom/lib/jsdom/living/nodes/Node-impl.js[2m:252:16)[22m[2m[22m
[2m      [2mat HTMLElementImpl._descendantAdded ([22m[2m../../node_modules/.pnpm/jsdom@20.0.3/node_modules/jsdom/lib/jsdom/living/nodes/Node-impl.js[2m:252:16)[22m[2m[22m
[2m      [2mat HTMLElementImpl._descendantAdded ([22m[2m../../node_modules/.pnpm/jsdom@20.0.3/node_modules/jsdom/lib/jsdom/living/nodes/Node-impl.js[2m:252:16)[22m[2m[22m
[2m      [2mat HTMLElementImpl._descendantAdded ([22m[2m../../node_modules/.pnpm/jsdom@20.0.3/node_modules/jsdom/lib/jsdom/living/nodes/Node-impl.js[2m:252:16)[22m[2m[22m
[2m      [2mat HTMLElementImpl._descendantAdded ([22m[2m../../node_modules/.pnpm/jsdom@20.0.3/node_modules/jsdom/lib/jsdom/living/nodes/Node-impl.js[2m:252:16)[22m[2m[22m
[2m      [2mat HTMLElementImpl._descendantAdded ([22m[2m../../node_modules/.pnpm/jsdom@20.0.3/node_modules/jsdom/lib/jsdom/living/nodes/Node-impl.js[2m:252:16)[22m[2m[22m
[2m      [2mat HTMLElementImpl._descendantAdded ([22m[2m../../node_modules/.pnpm/jsdom@20.0.3/node_modules/jsdom/lib/jsdom/living/nodes/Node-impl.js[2m:252:16)[22m[2m[22m
[2m      [2mat HTMLElementImpl._descendantAdded ([22m[2m../../node_modules/.pnpm/jsdom@20.0.3/node_modules/jsdom/lib/jsdom/living/nodes/Node-impl.js[2m:252:16)[22m[2m[22m
[2m      [2mat HTMLElementImpl._descendantAdded ([22m[2m../../node_modules/.pnpm/jsdom@20.0.3/node_modules/jsdom/lib/jsdom/living/nodes/Node-impl.js[2m:252:16)[22m[2m[22m
[2m      [2mat HTMLElementImpl._descendantAdded ([22m[2m../../node_modules/.pnpm/jsdom@20.0.3/node_modules/jsdom/lib/jsdom/living/nodes/Node-impl.js[2m:252:16)[22m[2m[22m
[2m      [2mat HTMLElementImpl._descendantAdded ([22m[2m../../node_modules/.pnpm/jsdom@20.0.3/node_modules/jsdom/lib/jsdom/living/nodes/Node-impl.js[2m:252:16)[22m[2m[22m
[2m      [2mat HTMLElementImpl._descendantAdded ([22m[2m../../node_modules/.pnpm/jsdom@20.0.3/node_modules/jsdom/lib/jsdom/living/nodes/Node-impl.js[2m:252:16)[22m[2m[22m
[2m      [2mat HTMLElementImpl._descendantAdded ([22m[2m../../node_modules/.pnpm/jsdom@20.0.3/node_modules/jsdom/lib/jsdom/living/nodes/Node-impl.js[2m:252:16)[22m[2m[22m
[2m      [2mat HTMLElementImpl._descendantAdded ([22m[2m../../node_modules/.pnpm/jsdom@20.0.3/node_modules/jsdom/lib/jsdom/living/nodes/Node-impl.js[2m:252:16)[22m[2m[22m
[2m      [2mat HTMLElementImpl._descendantAdded ([22m[2m../../node_modules/.pnpm/jsdom@20.0.3/node_modules/jsdom/lib/jsdom/living/nodes/Node-impl.js[2m:252:16)[22m[2m[22m
[2m      [2mat HTMLElementImpl._descendantAdded ([22m[2m../../node_modules/.pnpm/jsdom@20.0.3/node_modules/jsdom/lib/jsdom/living/nodes/Node-impl.js[2m:252:16)[22m[2m[22m
[2m      [2mat HTMLElementImpl._descendantAdded ([22m[2m../../node_modules/.pnpm/jsdom@20.0.3/node_modules/jsdom/lib/jsdom/living/nodes/Node-impl.js[2m:252:16)[22m[2m[22m
[2m      [2mat HTMLElementImpl._descendantAdded ([22m[2m../../node_modules/.pnpm/jsdom@20.0.3/node_modules/jsdom/lib/jsdom/living/nodes/Node-impl.js[2m:252:16)[22m[2m[22m
[2m      [2mat HTMLElementImpl._descendantAdded ([22m[2m../../node_modules/.pnpm/jsdom@20.0.3/node_modules/jsdom/lib/jsdom/living/nodes/Node-impl.js[2m:252:16)[22m[2m[22m
[2m      [2mat HTMLElementImpl._descendantAdded ([22m[2m../../node_modules/.pnpm/jsdom@20.0.3/node_modules/jsdom/lib/jsdom/living/nodes/Node-impl.js[2m:252:16)[22m[2m[22m
[2m      [2mat HTMLElementImpl._descendantAdded ([22m[2m../../node_modules/.pnpm/jsdom@20.0.3/node_modules/jsdom/lib/jsdom/living/nodes/Node-impl.js[2m:252:16)[22m[2m[22m
[2m      [2mat HTMLElementImpl._descendantAdded ([22m[2m../../node_modules/.pnpm/jsdom@20.0.3/node_modules/jsdom/lib/jsdom/living/nodes/Node-impl.js[2m:252:16)[22m[2m[22m
[2m      [2mat HTMLElementImpl._descendantAdded ([22m[2m../../node_modules/.pnpm/jsdom@20.0.3/node_modules/jsdom/lib/jsdom/living/nodes/Node-impl.js[2m:252:16)[22m[2m[22m
[2m      [2mat HTMLElementImpl._descendantAdded ([22m[2m../../node_modules/.pnpm/jsdom@20.0.3/node_modules/jsdom/lib/jsdom/living/nodes/Node-impl.js[2m:252:16)[22m[2m[22m
[2m      [2mat HTMLElementImpl._descendantAdded ([22m[2m../../node_modules/.pnpm/jsdom@20.0.3/node_modules/jsdom/lib/jsdom/living/nodes/Node-impl.js[2m:252:16)[22m[2m[22m
[2m      [2mat HTMLElementImpl._descendantAdded ([22m[2m../../node_modules/.pnpm/jsdom@20.0.3/node_modules/jsdom/lib/jsdom/living/nodes/Node-impl.js[2m:252:16)[22m[2m[22m
[2m      [2mat HTMLElementImpl._descendantAdded ([22m[2m../../node_modules/.pnpm/jsdom@20.0.3/node_modules/jsdom/lib/jsdom/living/nodes/Node-impl.js[2m:252:16)[22m[2m[22m
[2m      [2mat HTMLElementImpl._descendantAdded ([22m[2m../../node_modules/.pnpm/jsdom@20.0.3/node_modules/jsdom/lib/jsdom/living/nodes/Node-impl.js[2m:252:16)[22m[2m[22m
[1m[31m  [1m● [22m[1mAppComponent › should have as title 'shell'[39m[22m
    RangeError: Maximum call stack size exceeded
[2m[22m
[2m      [2mat HTMLElementImpl._descendantAdded ([22m[2m../../node_modules/.pnpm/jsdom@20.0.3/node_modules/jsdom/lib/jsdom/living/nodes/Node-impl.js[2m:249:19)[22m[2m[22m
[2m      [2mat HTMLElementImpl._descendantAdded ([22m[2m../../node_modules/.pnpm/jsdom@20.0.3/node_modules/jsdom/lib/jsdom/living/nodes/Node-impl.js[2m:252:16)[22m[2m[22m
[2m      [2mat HTMLElementImpl._descendantAdded ([22m[2m../../node_modules/.pnpm/jsdom@20.0.3/node_modules/jsdom/lib/jsdom/living/nodes/Node-impl.js[2m:252:16)[22m[2m[22m
[2m      [2mat HTMLElementImpl._descendantAdded ([22m[2m../../node_modules/.pnpm/jsdom@20.0.3/node_modules/jsdom/lib/jsdom/living/nodes/Node-impl.js[2m:252:16)[22m[2m[22m
[2m      [2mat HTMLElementImpl._descendantAdded ([22m[2m../../node_modules/.pnpm/jsdom@20.0.3/node_modules/jsdom/lib/jsdom/living/nodes/Node-impl.js[2m:252:16)[22m[2m[22m
[2m      [2mat HTMLElementImpl._descendantAdded ([22m[2m../../node_modules/.pnpm/jsdom@20.0.3/node_modules/jsdom/lib/jsdom/living/nodes/Node-impl.js[2m:252:16)[22m[2m[22m
[2m      [2mat HTMLElementImpl._descendantAdded ([22m[2m../../node_modules/.pnpm/jsdom@20.0.3/node_modules/jsdom/lib/jsdom/living/nodes/Node-impl.js[2m:252:16)[22m[2m[22m
[2m      [2mat HTMLElementImpl._descendantAdded ([22m[2m../../node_modules/.pnpm/jsdom@20.0.3/node_modules/jsdom/lib/jsdom/living/nodes/Node-impl.js[2m:252:16)[22m[2m[22m
[2m      [2mat HTMLElementImpl._descendantAdded ([22m[2m../../node_modules/.pnpm/jsdom@20.0.3/node_modules/jsdom/lib/jsdom/living/nodes/Node-impl.js[2m:252:16)[22m[2m[22m
[2m      [2mat HTMLElementImpl._descendantAdded ([22m[2m../../node_modules/.pnpm/jsdom@20.0.3/node_modules/jsdom/lib/jsdom/living/nodes/Node-impl.js[2m:252:16)[22m[2m[22m
[2m      [2mat HTMLElementImpl._descendantAdded ([22m[2m../../node_modules/.pnpm/jsdom@20.0.3/node_modules/jsdom/lib/jsdom/living/nodes/Node-impl.js[2m:252:16)[22m[2m[22m
[2m      [2mat HTMLElementImpl._descendantAdded ([22m[2m../../node_modules/.pnpm/jsdom@20.0.3/node_modules/jsdom/lib/jsdom/living/nodes/Node-impl.js[2m:252:16)[22m[2m[22m
[2m      [2mat HTMLElementImpl._descendantAdded ([22m[2m../../node_modules/.pnpm/jsdom@20.0.3/node_modules/jsdom/lib/jsdom/living/nodes/Node-impl.js[2m:252:16)[22m[2m[22m
[2m      [2mat HTMLElementImpl._descendantAdded ([22m[2m../../node_modules/.pnpm/jsdom@20.0.3/node_modules/jsdom/lib/jsdom/living/nodes/Node-impl.js[2m:252:16)[22m[2m[22m
[2m      [2mat HTMLElementImpl._descendantAdded ([22m[2m../../node_modules/.pnpm/jsdom@20.0.3/node_modules/jsdom/lib/jsdom/living/nodes/Node-impl.js[2m:252:16)[22m[2m[22m
[2m      [2mat HTMLElementImpl._descendantAdded ([22m[2m../../node_modules/.pnpm/jsdom@20.0.3/node_modules/jsdom/lib/jsdom/living/nodes/Node-impl.js[2m:252:16)[22m[2m[22m
[2m      [2mat HTMLElementImpl._descendantAdded ([22m[2m../../node_modules/.pnpm/jsdom@20.0.3/node_modules/jsdom/lib/jsdom/living/nodes/Node-impl.js[2m:252:16)[22m[2m[22m
[2m      [2mat HTMLElementImpl._descendantAdded ([22m[2m../../node_modules/.pnpm/jsdom@20.0.3/node_modules/jsdom/lib/jsdom/living/nodes/Node-impl.js[2m:252:16)[22m[2m[22m
[2m      [2mat HTMLElementImpl._descendantAdded ([22m[2m../../node_modules/.pnpm/jsdom@20.0.3/node_modules/jsdom/lib/jsdom/living/nodes/Node-impl.js[2m:252:16)[22m[2m[22m
[2m      [2mat HTMLElementImpl._descendantAdded ([22m[2m../../node_modules/.pnpm/jsdom@20.0.3/node_modules/jsdom/lib/jsdom/living/nodes/Node-impl.js[2m:252:16)[22m[2m[22m
[2m      [2mat HTMLElementImpl._descendantAdded ([22m[2m../../node_modules/.pnpm/jsdom@20.0.3/node_modules/jsdom/lib/jsdom/living/nodes/Node-impl.js[2m:252:16)[22m[2m[22m
[2m      [2mat HTMLElementImpl._descendantAdded ([22m[2m../../node_modules/.pnpm/jsdom@20.0.3/node_modules/jsdom/lib/jsdom/living/nodes/Node-impl.js[2m:252:16)[22m[2m[22m
[2m      [2mat HTMLElementImpl._descendantAdded ([22m[2m../../node_modules/.pnpm/jsdom@20.0.3/node_modules/jsdom/lib/jsdom/living/nodes/Node-impl.js[2m:252:16)[22m[2m[22m
[2m      [2mat HTMLElementImpl._descendantAdded ([22m[2m../../node_modules/.pnpm/jsdom@20.0.3/node_modules/jsdom/lib/jsdom/living/nodes/Node-impl.js[2m:252:16)[22m[2m[22m
[2m      [2mat HTMLElementImpl._descendantAdded ([22m[2m../../node_modules/.pnpm/jsdom@20.0.3/node_modules/jsdom/lib/jsdom/living/nodes/Node-impl.js[2m:252:16)[22m[2m[22m
[2m      [2mat HTMLElementImpl._descendantAdded ([22m[2m../../node_modules/.pnpm/jsdom@20.0.3/node_modules/jsdom/lib/jsdom/living/nodes/Node-impl.js[2m:252:16)[22m[2m[22m
[2m      [2mat HTMLElementImpl._descendantAdded ([22m[2m../../node_modules/.pnpm/jsdom@20.0.3/node_modules/jsdom/lib/jsdom/living/nodes/Node-impl.js[2m:252:16)[22m[2m[22m
[2m      [2mat HTMLElementImpl._descendantAdded ([22m[2m../../node_modules/.pnpm/jsdom@20.0.3/node_modules/jsdom/lib/jsdom/living/nodes/Node-impl.js[2m:252:16)[22m[2m[22m
[2m      [2mat HTMLElementImpl._descendantAdded ([22m[2m../../node_modules/.pnpm/jsdom@20.0.3/node_modules/jsdom/lib/jsdom/living/nodes/Node-impl.js[2m:252:16)[22m[2m[22m
[2m      [2mat HTMLElementImpl._descendantAdded ([22m[2m../../node_modules/.pnpm/jsdom@20.0.3/node_modules/jsdom/lib/jsdom/living/nodes/Node-impl.js[2m:252:16)[22m[2m[22m
[2m      [2mat HTMLElementImpl._descendantAdded ([22m[2m../../node_modules/.pnpm/jsdom@20.0.3/node_modules/jsdom/lib/jsdom/living/nodes/Node-impl.js[2m:252:16)[22m[2m[22m
[2m      [2mat HTMLElementImpl._descendantAdded ([22m[2m../../node_modules/.pnpm/jsdom@20.0.3/node_modules/jsdom/lib/jsdom/living/nodes/Node-impl.js[2m:252:16)[22m[2m[22m
[2m      [2mat HTMLElementImpl._descendantAdded ([22m[2m../../node_modules/.pnpm/jsdom@20.0.3/node_modules/jsdom/lib/jsdom/living/nodes/Node-impl.js[2m:252:16)[22m[2m[22m
[2m      [2mat HTMLElementImpl._descendantAdded ([22m[2m../../node_modules/.pnpm/jsdom@20.0.3/node_modules/jsdom/lib/jsdom/living/nodes/Node-impl.js[2m:252:16)[22m[2m[22m
[2m      [2mat HTMLElementImpl._descendantAdded ([22m[2m../../node_modules/.pnpm/jsdom@20.0.3/node_modules/jsdom/lib/jsdom/living/nodes/Node-impl.js[2m:252:16)[22m[2m[22m
[2m      [2mat HTMLElementImpl._descendantAdded ([22m[2m../../node_modules/.pnpm/jsdom@20.0.3/node_modules/jsdom/lib/jsdom/living/nodes/Node-impl.js[2m:252:16)[22m[2m[22m
[2m      [2mat HTMLElementImpl._descendantAdded ([22m[2m../../node_modules/.pnpm/jsdom@20.0.3/node_modules/jsdom/lib/jsdom/living/nodes/Node-impl.js[2m:252:16)[22m[2m[22m
[2m      [2mat HTMLElementImpl._descendantAdded ([22m[2m../../node_modules/.pnpm/jsdom@20.0.3/node_modules/jsdom/lib/jsdom/living/nodes/Node-impl.js[2m:252:16)[22m[2m[22m
[2m      [2mat HTMLElementImpl._descendantAdded ([22m[2m../../node_modules/.pnpm/jsdom@20.0.3/node_modules/jsdom/lib/jsdom/living/nodes/Node-impl.js[2m:252:16)[22m[2m[22m
[2m      [2mat HTMLElementImpl._descendantAdded ([22m[2m../../node_modules/.pnpm/jsdom@20.0.3/node_modules/jsdom/lib/jsdom/living/nodes/Node-impl.js[2m:252:16)[22m[2m[22m
[2m      [2mat HTMLElementImpl._descendantAdded ([22m[2m../../node_modules/.pnpm/jsdom@20.0.3/node_modules/jsdom/lib/jsdom/living/nodes/Node-impl.js[2m:252:16)[22m[2m[22m
[2m      [2mat HTMLElementImpl._descendantAdded ([22m[2m../../node_modules/.pnpm/jsdom@20.0.3/node_modules/jsdom/lib/jsdom/living/nodes/Node-impl.js[2m:252:16)[22m[2m[22m
[2m      [2mat HTMLElementImpl._descendantAdded ([22m[2m../../node_modules/.pnpm/jsdom@20.0.3/node_modules/jsdom/lib/jsdom/living/nodes/Node-impl.js[2m:252:16)[22m[2m[22m
[2m      [2mat HTMLElementImpl._descendantAdded ([22m[2m../../node_modules/.pnpm/jsdom@20.0.3/node_modules/jsdom/lib/jsdom/living/nodes/Node-impl.js[2m:252:16)[22m[2m[22m
[2m      [2mat HTMLElementImpl._descendantAdded ([22m[2m../../node_modules/.pnpm/jsdom@20.0.3/node_modules/jsdom/lib/jsdom/living/nodes/Node-impl.js[2m:252:16)[22m[2m[22m
[2m      [2mat HTMLElementImpl._descendantAdded ([22m[2m../../node_modules/.pnpm/jsdom@20.0.3/node_modules/jsdom/lib/jsdom/living/nodes/Node-impl.js[2m:252:16)[22m[2m[22m
[2m      [2mat HTMLElementImpl._descendantAdded ([22m[2m../../node_modules/.pnpm/jsdom@20.0.3/node_modules/jsdom/lib/jsdom/living/nodes/Node-impl.js[2m:252:16)[22m[2m[22m
[2m      [2mat HTMLElementImpl._descendantAdded ([22m[2m../../node_modules/.pnpm/jsdom@20.0.3/node_modules/jsdom/lib/jsdom/living/nodes/Node-impl.js[2m:252:16)[22m[2m[22m
[2m      [2mat HTMLElementImpl._descendantAdded ([22m[2m../../node_modules/.pnpm/jsdom@20.0.3/node_modules/jsdom/lib/jsdom/living/nodes/Node-impl.js[2m:252:16)[22m[2m[22m
[2m      [2mat HTMLElementImpl._descendantAdded ([22m[2m../../node_modules/.pnpm/jsdom@20.0.3/node_modules/jsdom/lib/jsdom/living/nodes/Node-impl.js[2m:252:16)[22m[2m[22m
[2m      [2mat HTMLElementImpl._descendantAdded ([22m[2m../../node_modules/.pnpm/jsdom@20.0.3/node_modules/jsdom/lib/jsdom/living/nodes/Node-impl.js[2m:252:16)[22m[2m[22m
[2m      [2mat HTMLElementImpl._descendantAdded ([22m[2m../../node_modules/.pnpm/jsdom@20.0.3/node_modules/jsdom/lib/jsdom/living/nodes/Node-impl.js[2m:252:16)[22m[2m[22m
[2m      [2mat HTMLElementImpl._descendantAdded ([22m[2m../../node_modules/.pnpm/jsdom@20.0.3/node_modules/jsdom/lib/jsdom/living/nodes/Node-impl.js[2m:252:16)[22m[2m[22m
[2m      [2mat HTMLElementImpl._descendantAdded ([22m[2m../../node_modules/.pnpm/jsdom@20.0.3/node_modules/jsdom/lib/jsdom/living/nodes/Node-impl.js[2m:252:16)[22m[2m[22m
[2m      [2mat HTMLElementImpl._descendantAdded ([22m[2m../../node_modules/.pnpm/jsdom@20.0.3/node_modules/jsdom/lib/jsdom/living/nodes/Node-impl.js[2m:252:16)[22m[2m[22m
[2m      [2mat HTMLElementImpl._descendantAdded ([22m[2m../../node_modules/.pnpm/jsdom@20.0.3/node_modules/jsdom/lib/jsdom/living/nodes/Node-impl.js[2m:252:16)[22m[2m[22m
[2m      [2mat HTMLElementImpl._descendantAdded ([22m[2m../../node_modules/.pnpm/jsdom@20.0.3/node_modules/jsdom/lib/jsdom/living/nodes/Node-impl.js[2m:252:16)[22m[2m[22m
[2m      [2mat HTMLElementImpl._descendantAdded ([22m[2m../../node_modules/.pnpm/jsdom@20.0.3/node_modules/jsdom/lib/jsdom/living/nodes/Node-impl.js[2m:252:16)[22m[2m[22m
[2m      [2mat HTMLElementImpl._descendantAdded ([22m[2m../../node_modules/.pnpm/jsdom@20.0.3/node_modules/jsdom/lib/jsdom/living/nodes/Node-impl.js[2m:252:16)[22m[2m[22m
[2m      [2mat HTMLElementImpl._descendantAdded ([22m[2m../../node_modules/.pnpm/jsdom@20.0.3/node_modules/jsdom/lib/jsdom/living/nodes/Node-impl.js[2m:252:16)[22m[2m[22m
[2m      [2mat HTMLElementImpl._descendantAdded ([22m[2m../../node_modules/.pnpm/jsdom@20.0.3/node_modules/jsdom/lib/jsdom/living/nodes/Node-impl.js[2m:252:16)[22m[2m[22m
[2m      [2mat HTMLElementImpl._descendantAdded ([22m[2m../../node_modules/.pnpm/jsdom@20.0.3/node_modules/jsdom/lib/jsdom/living/nodes/Node-impl.js[2m:252:16)[22m[2m[22m
[2m      [2mat HTMLElementImpl._descendantAdded ([22m[2m../../node_modules/.pnpm/jsdom@20.0.3/node_modules/jsdom/lib/jsdom/living/nodes/Node-impl.js[2m:252:16)[22m[2m[22m
[2m      [2mat HTMLElementImpl._descendantAdded ([22m[2m../../node_modules/.pnpm/jsdom@20.0.3/node_modules/jsdom/lib/jsdom/living/nodes/Node-impl.js[2m:252:16)[22m[2m[22m
[2m      [2mat HTMLElementImpl._descendantAdded ([22m[2m../../node_modules/.pnpm/jsdom@20.0.3/node_modules/jsdom/lib/jsdom/living/nodes/Node-impl.js[2m:252:16)[22m[2m[22m
[2m      [2mat HTMLElementImpl._descendantAdded ([22m[2m../../node_modules/.pnpm/jsdom@20.0.3/node_modules/jsdom/lib/jsdom/living/nodes/Node-impl.js[2m:252:16)[22m[2m[22m
[2m      [2mat HTMLElementImpl._descendantAdded ([22m[2m../../node_modules/.pnpm/jsdom@20.0.3/node_modules/jsdom/lib/jsdom/living/nodes/Node-impl.js[2m:252:16)[22m[2m[22m
[2m      [2mat HTMLElementImpl._descendantAdded ([22m[2m../../node_modules/.pnpm/jsdom@20.0.3/node_modules/jsdom/lib/jsdom/living/nodes/Node-impl.js[2m:252:16)[22m[2m[22m
[2m      [2mat HTMLElementImpl._descendantAdded ([22m[2m../../node_modules/.pnpm/jsdom@20.0.3/node_modules/jsdom/lib/jsdom/living/nodes/Node-impl.js[2m:252:16)[22m[2m[22m
[2m      [2mat HTMLElementImpl._descendantAdded ([22m[2m../../node_modules/.pnpm/jsdom@20.0.3/node_modules/jsdom/lib/jsdom/living/nodes/Node-impl.js[2m:252:16)[22m[2m[22m
[2m      [2mat HTMLElementImpl._descendantAdded ([22m[2m../../node_modules/.pnpm/jsdom@20.0.3/node_modules/jsdom/lib/jsdom/living/nodes/Node-impl.js[2m:252:16)[22m[2m[22m
[2m      [2mat HTMLElementImpl._descendantAdded ([22m[2m../../node_modules/.pnpm/jsdom@20.0.3/node_modules/jsdom/lib/jsdom/living/nodes/Node-impl.js[2m:252:16)[22m[2m[22m
[2m      [2mat HTMLElementImpl._descendantAdded ([22m[2m../../node_modules/.pnpm/jsdom@20.0.3/node_modules/jsdom/lib/jsdom/living/nodes/Node-impl.js[2m:252:16)[22m[2m[22m
[2m      [2mat HTMLElementImpl._descendantAdded ([22m[2m../../node_modules/.pnpm/jsdom@20.0.3/node_modules/jsdom/lib/jsdom/living/nodes/Node-impl.js[2m:252:16)[22m[2m[22m
[2m      [2mat HTMLElementImpl._descendantAdded ([22m[2m../../node_modules/.pnpm/jsdom@20.0.3/node_modules/jsdom/lib/jsdom/living/nodes/Node-impl.js[2m:252:16)[22m[2m[22m
[2m      [2mat HTMLElementImpl._descendantAdded ([22m[2m../../node_modules/.pnpm/jsdom@20.0.3/node_modules/jsdom/lib/jsdom/living/nodes/Node-impl.js[2m:252:16)[22m[2m[22m
[2m      [2mat HTMLElementImpl._descendantAdded ([22m[2m../../node_modules/.pnpm/jsdom@20.0.3/node_modules/jsdom/lib/jsdom/living/nodes/Node-impl.js[2m:252:16)[22m[2m[22m
[2m      [2mat HTMLElementImpl._descendantAdded ([22m[2m../../node_modules/.pnpm/jsdom@20.0.3/node_modules/jsdom/lib/jsdom/living/nodes/Node-impl.js[2m:252:16)[22m[2m[22m
[2m      [2mat HTMLElementImpl._descendantAdded ([22m[2m../../node_modules/.pnpm/jsdom@20.0.3/node_modules/jsdom/lib/jsdom/living/nodes/Node-impl.js[2m:252:16)[22m[2m[22m
[2m      [2mat HTMLElementImpl._descendantAdded ([22m[2m../../node_modules/.pnpm/jsdom@20.0.3/node_modules/jsdom/lib/jsdom/living/nodes/Node-impl.js[2m:252:16)[22m[2m[22m
[2m      [2mat HTMLElementImpl._descendantAdded ([22m[2m../../node_modules/.pnpm/jsdom@20.0.3/node_modules/jsdom/lib/jsdom/living/nodes/Node-impl.js[2m:252:16)[22m[2m[22m
[2m      [2mat HTMLElementImpl._descendantAdded ([22m[2m../../node_modules/.pnpm/jsdom@20.0.3/node_modules/jsdom/lib/jsdom/living/nodes/Node-impl.js[2m:252:16)[22m[2m[22m
[2m      [2mat HTMLElementImpl._descendantAdded ([22m[2m../../node_modules/.pnpm/jsdom@20.0.3/node_modules/jsdom/lib/jsdom/living/nodes/Node-impl.js[2m:252:16)[22m[2m[22m
[2m      [2mat HTMLElementImpl._descendantAdded ([22m[2m../../node_modules/.pnpm/jsdom@20.0.3/node_modules/jsdom/lib/jsdom/living/nodes/Node-impl.js[2m:252:16)[22m[2m[22m
[2m      [2mat HTMLElementImpl._descendantAdded ([22m[2m../../node_modules/.pnpm/jsdom@20.0.3/node_modules/jsdom/lib/jsdom/living/nodes/Node-impl.js[2m:252:16)[22m[2m[22m
[2m      [2mat HTMLElementImpl._descendantAdded ([22m[2m../../node_modules/.pnpm/jsdom@20.0.3/node_modules/jsdom/lib/jsdom/living/nodes/Node-impl.js[2m:252:16)[22m[2m[22m
[2m      [2mat HTMLElementImpl._descendantAdded ([22m[2m../../node_modules/.pnpm/jsdom@20.0.3/node_modules/jsdom/lib/jsdom/living/nodes/Node-impl.js[2m:252:16)[22m[2m[22m
[2m      [2mat HTMLElementImpl._descendantAdded ([22m[2m../../node_modules/.pnpm/jsdom@20.0.3/node_modules/jsdom/lib/jsdom/living/nodes/Node-impl.js[2m:252:16)[22m[2m[22m
[2m      [2mat HTMLElementImpl._descendantAdded ([22m[2m../../node_modules/.pnpm/jsdom@20.0.3/node_modules/jsdom/lib/jsdom/living/nodes/Node-impl.js[2m:252:16)[22m[2m[22m
[2m      [2mat HTMLElementImpl._descendantAdded ([22m[2m../../node_modules/.pnpm/jsdom@20.0.3/node_modules/jsdom/lib/jsdom/living/nodes/Node-impl.js[2m:252:16)[22m[2m[22m
[2m      [2mat HTMLElementImpl._descendantAdded ([22m[2m../../node_modules/.pnpm/jsdom@20.0.3/node_modules/jsdom/lib/jsdom/living/nodes/Node-impl.js[2m:252:16)[22m[2m[22m
[2m      [2mat HTMLElementImpl._descendantAdded ([22m[2m../../node_modules/.pnpm/jsdom@20.0.3/node_modules/jsdom/lib/jsdom/living/nodes/Node-impl.js[2m:252:16)[22m[2m[22m
[2m      [2mat HTMLElementImpl._descendantAdded ([22m[2m../../node_modules/.pnpm/jsdom@20.0.3/node_modules/jsdom/lib/jsdom/living/nodes/Node-impl.js[2m:252:16)[22m[2m[22m
[2m      [2mat HTMLElementImpl._descendantAdded ([22m[2m../../node_modules/.pnpm/jsdom@20.0.3/node_modules/jsdom/lib/jsdom/living/nodes/Node-impl.js[2m:252:16)[22m[2m[22m
[2m      [2mat HTMLElementImpl._descendantAdded ([22m[2m../../node_modules/.pnpm/jsdom@20.0.3/node_modules/jsdom/lib/jsdom/living/nodes/Node-impl.js[2m:252:16)[22m[2m[22m
[2m      [2mat HTMLElementImpl._descendantAdded ([22m[2m../../node_modules/.pnpm/jsdom@20.0.3/node_modules/jsdom/lib/jsdom/living/nodes/Node-impl.js[2m:252:16)[22m[2m[22m
[2m      [2mat HTMLElementImpl._descendantAdded ([22m[2m../../node_modules/.pnpm/jsdom@20.0.3/node_modules/jsdom/lib/jsdom/living/nodes/Node-impl.js[2m:252:16)[22m[2m[22m
[2m      [2mat HTMLElementImpl._descendantAdded ([22m[2m../../node_modules/.pnpm/jsdom@20.0.3/node_modules/jsdom/lib/jsdom/living/nodes/Node-impl.js[2m:252:16)[22m[2m[22m
[2m      [2mat HTMLElementImpl._descendantAdded ([22m[2m../../node_modules/.pnpm/jsdom@20.0.3/node_modules/jsdom/lib/jsdom/living/nodes/Node-impl.js[2m:252:16)[22m[2m[22m
[2m      [2mat HTMLElementImpl._descendantAdded ([22m[2m../../node_modules/.pnpm/jsdom@20.0.3/node_modules/jsdom/lib/jsdom/living/nodes/Node-impl.js[2m:252:16)[22m[2m[22m
[1m[31m  [1m● [22m[1mAppComponent › should render title[39m[22m
    RangeError: Maximum call stack size exceeded
[2m[22m
[2m      [2mat HTMLBodyElementImpl._descendantAdded ([22m[2m../../node_modules/.pnpm/jsdom@20.0.3/node_modules/jsdom/lib/jsdom/living/nodes/Node-impl.js[2m:249:19)[22m[2m[22m
[2m      [2mat HTMLDivElementImpl._descendantAdded ([22m[2m../../node_modules/.pnpm/jsdom@20.0.3/node_modules/jsdom/lib/jsdom/living/nodes/Node-impl.js[2m:252:16)[22m[2m[22m
[2m      [2mat HTMLElementImpl._descendantAdded ([22m[2m../../node_modules/.pnpm/jsdom@20.0.3/node_modules/jsdom/lib/jsdom/living/nodes/Node-impl.js[2m:252:16)[22m[2m[22m
[2m      [2mat HTMLElementImpl._descendantAdded ([22m[2m../../node_modules/.pnpm/jsdom@20.0.3/node_modules/jsdom/lib/jsdom/living/nodes/Node-impl.js[2m:252:16)[22m[2m[22m
[2m      [2mat HTMLElementImpl._descendantAdded ([22m[2m../../node_modules/.pnpm/jsdom@20.0.3/node_modules/jsdom/lib/jsdom/living/nodes/Node-impl.js[2m:252:16)[22m[2m[22m
[2m      [2mat HTMLElementImpl._descendantAdded ([22m[2m../../node_modules/.pnpm/jsdom@20.0.3/node_modules/jsdom/lib/jsdom/living/nodes/Node-impl.js[2m:252:16)[22m[2m[22m
[2m      [2mat HTMLElementImpl._descendantAdded ([22m[2m../../node_modules/.pnpm/jsdom@20.0.3/node_modules/jsdom/lib/jsdom/living/nodes/Node-impl.js[2m:252:16)[22m[2m[22m
[2m      [2mat HTMLElementImpl._descendantAdded ([22m[2m../../node_modules/.pnpm/jsdom@20.0.3/node_modules/jsdom/lib/jsdom/living/nodes/Node-impl.js[2m:252:16)[22m[2m[22m
[2m      [2mat HTMLElementImpl._descendantAdded ([22m[2m../../node_modules/.pnpm/jsdom@20.0.3/node_modules/jsdom/lib/jsdom/living/nodes/Node-impl.js[2m:252:16)[22m[2m[22m
[2m      [2mat HTMLElementImpl._descendantAdded ([22m[2m../../node_modules/.pnpm/jsdom@20.0.3/node_modules/jsdom/lib/jsdom/living/nodes/Node-impl.js[2m:252:16)[22m[2m[22m
[2m      [2mat HTMLElementImpl._descendantAdded ([22m[2m../../node_modules/.pnpm/jsdom@20.0.3/node_modules/jsdom/lib/jsdom/living/nodes/Node-impl.js[2m:252:16)[22m[2m[22m
[2m      [2mat HTMLElementImpl._descendantAdded ([22m[2m../../node_modules/.pnpm/jsdom@20.0.3/node_modules/jsdom/lib/jsdom/living/nodes/Node-impl.js[2m:252:16)[22m[2m[22m
[2m      [2mat HTMLElementImpl._descendantAdded ([22m[2m../../node_modules/.pnpm/jsdom@20.0.3/node_modules/jsdom/lib/jsdom/living/nodes/Node-impl.js[2m:252:16)[22m[2m[22m
[2m      [2mat HTMLElementImpl._descendantAdded ([22m[2m../../node_modules/.pnpm/jsdom@20.0.3/node_modules/jsdom/lib/jsdom/living/nodes/Node-impl.js[2m:252:16)[22m[2m[22m
[2m      [2mat HTMLElementImpl._descendantAdded ([22m[2m../../node_modules/.pnpm/jsdom@20.0.3/node_modules/jsdom/lib/jsdom/living/nodes/Node-impl.js[2m:252:16)[22m[2m[22m
[2m      [2mat HTMLElementImpl._descendantAdded ([22m[2m../../node_modules/.pnpm/jsdom@20.0.3/node_modules/jsdom/lib/jsdom/living/nodes/Node-impl.js[2m:252:16)[22m[2m[22m
[2m      [2mat HTMLElementImpl._descendantAdded ([22m[2m../../node_modules/.pnpm/jsdom@20.0.3/node_modules/jsdom/lib/jsdom/living/nodes/Node-impl.js[2m:252:16)[22m[2m[22m
[2m      [2mat HTMLElementImpl._descendantAdded ([22m[2m../../node_modules/.pnpm/jsdom@20.0.3/node_modules/jsdom/lib/jsdom/living/nodes/Node-impl.js[2m:252:16)[22m[2m[22m
[2m      [2mat HTMLElementImpl._descendantAdded ([22m[2m../../node_modules/.pnpm/jsdom@20.0.3/node_modules/jsdom/lib/jsdom/living/nodes/Node-impl.js[2m:252:16)[22m[2m[22m
[2m      [2mat HTMLElementImpl._descendantAdded ([22m[2m../../node_modules/.pnpm/jsdom@20.0.3/node_modules/jsdom/lib/jsdom/living/nodes/Node-impl.js[2m:252:16)[22m[2m[22m
[2m      [2mat HTMLElementImpl._descendantAdded ([22m[2m../../node_modules/.pnpm/jsdom@20.0.3/node_modules/jsdom/lib/jsdom/living/nodes/Node-impl.js[2m:252:16)[22m[2m[22m
[2m      [2mat HTMLElementImpl._descendantAdded ([22m[2m../../node_modules/.pnpm/jsdom@20.0.3/node_modules/jsdom/lib/jsdom/living/nodes/Node-impl.js[2m:252:16)[22m[2m[22m
[2m      [2mat HTMLElementImpl._descendantAdded ([22m[2m../../node_modules/.pnpm/jsdom@20.0.3/node_modules/jsdom/lib/jsdom/living/nodes/Node-impl.js[2m:252:16)[22m[2m[22m
[2m      [2mat HTMLElementImpl._descendantAdded ([22m[2m../../node_modules/.pnpm/jsdom@20.0.3/node_modules/jsdom/lib/jsdom/living/nodes/Node-impl.js[2m:252:16)[22m[2m[22m
[2m      [2mat HTMLElementImpl._descendantAdded ([22m[2m../../node_modules/.pnpm/jsdom@20.0.3/node_modules/jsdom/lib/jsdom/living/nodes/Node-impl.js[2m:252:16)[22m[2m[22m
[2m      [2mat HTMLElementImpl._descendantAdded ([22m[2m../../node_modules/.pnpm/jsdom@20.0.3/node_modules/jsdom/lib/jsdom/living/nodes/Node-impl.js[2m:252:16)[22m[2m[22m
[2m      [2mat HTMLElementImpl._descendantAdded ([22m[2m../../node_modules/.pnpm/jsdom@20.0.3/node_modules/jsdom/lib/jsdom/living/nodes/Node-impl.js[2m:252:16)[22m[2m[22m
[2m      [2mat HTMLElementImpl._descendantAdded ([22m[2m../../node_modules/.pnpm/jsdom@20.0.3/node_modules/jsdom/lib/jsdom/living/nodes/Node-impl.js[2m:252:16)[22m[2m[22m
[2m      [2mat HTMLElementImpl._descendantAdded ([22m[2m../../node_modules/.pnpm/jsdom@20.0.3/node_modules/jsdom/lib/jsdom/living/nodes/Node-impl.js[2m:252:16)[22m[2m[22m
[2m      [2mat HTMLElementImpl._descendantAdded ([22m[2m../../node_modules/.pnpm/jsdom@20.0.3/node_modules/jsdom/lib/jsdom/living/nodes/Node-impl.js[2m:252:16)[22m[2m[22m
[2m      [2mat HTMLElementImpl._descendantAdded ([22m[2m../../node_modules/.pnpm/jsdom@20.0.3/node_modules/jsdom/lib/jsdom/living/nodes/Node-impl.js[2m:252:16)[22m[2m[22m
[2m      [2mat HTMLElementImpl._descendantAdded ([22m[2m../../node_modules/.pnpm/jsdom@20.0.3/node_modules/jsdom/lib/jsdom/living/nodes/Node-impl.js[2m:252:16)[22m[2m[22m
[2m      [2mat HTMLElementImpl._descendantAdded ([22m[2m../../node_modules/.pnpm/jsdom@20.0.3/node_modules/jsdom/lib/jsdom/living/nodes/Node-impl.js[2m:252:16)[22m[2m[22m
[2m      [2mat HTMLElementImpl._descendantAdded ([22m[2m../../node_modules/.pnpm/jsdom@20.0.3/node_modules/jsdom/lib/jsdom/living/nodes/Node-impl.js[2m:252:16)[22m[2m[22m
[2m      [2mat HTMLElementImpl._descendantAdded ([22m[2m../../node_modules/.pnpm/jsdom@20.0.3/node_modules/jsdom/lib/jsdom/living/nodes/Node-impl.js[2m:252:16)[22m[2m[22m
[2m      [2mat HTMLElementImpl._descendantAdded ([22m[2m../../node_modules/.pnpm/jsdom@20.0.3/node_modules/jsdom/lib/jsdom/living/nodes/Node-impl.js[2m:252:16)[22m[2m[22m
[2m      [2mat HTMLElementImpl._descendantAdded ([22m[2m../../node_modules/.pnpm/jsdom@20.0.3/node_modules/jsdom/lib/jsdom/living/nodes/Node-impl.js[2m:252:16)[22m[2m[22m
[2m      [2mat HTMLElementImpl._descendantAdded ([22m[2m../../node_modules/.pnpm/jsdom@20.0.3/node_modules/jsdom/lib/jsdom/living/nodes/Node-impl.js[2m:252:16)[22m[2m[22m
[2m      [2mat HTMLElementImpl._descendantAdded ([22m[2m../../node_modules/.pnpm/jsdom@20.0.3/node_modules/jsdom/lib/jsdom/living/nodes/Node-impl.js[2m:252:16)[22m[2m[22m
[2m      [2mat HTMLElementImpl._descendantAdded ([22m[2m../../node_modules/.pnpm/jsdom@20.0.3/node_modules/jsdom/lib/jsdom/living/nodes/Node-impl.js[2m:252:16)[22m[2m[22m
[2m      [2mat HTMLElementImpl._descendantAdded ([22m[2m../../node_modules/.pnpm/jsdom@20.0.3/node_modules/jsdom/lib/jsdom/living/nodes/Node-impl.js[2m:252:16)[22m[2m[22m
[2m      [2mat HTMLElementImpl._descendantAdded ([22m[2m../../node_modules/.pnpm/jsdom@20.0.3/node_modules/jsdom/lib/jsdom/living/nodes/Node-impl.js[2m:252:16)[22m[2m[22m
[2m      [2mat HTMLElementImpl._descendantAdded ([22m[2m../../node_modules/.pnpm/jsdom@20.0.3/node_modules/jsdom/lib/jsdom/living/nodes/Node-impl.js[2m:252:16)[22m[2m[22m
[2m      [2mat HTMLElementImpl._descendantAdded ([22m[2m../../node_modules/.pnpm/jsdom@20.0.3/node_modules/jsdom/lib/jsdom/living/nodes/Node-impl.js[2m:252:16)[22m[2m[22m
[2m      [2mat HTMLElementImpl._descendantAdded ([22m[2m../../node_modules/.pnpm/jsdom@20.0.3/node_modules/jsdom/lib/jsdom/living/nodes/Node-impl.js[2m:252:16)[22m[2m[22m
[2m      [2mat HTMLElementImpl._descendantAdded ([22m[2m../../node_modules/.pnpm/jsdom@20.0.3/node_modules/jsdom/lib/jsdom/living/nodes/Node-impl.js[2m:252:16)[22m[2m[22m
[2m      [2mat HTMLElementImpl._descendantAdded ([22m[2m../../node_modules/.pnpm/jsdom@20.0.3/node_modules/jsdom/lib/jsdom/living/nodes/Node-impl.js[2m:252:16)[22m[2m[22m
[2m      [2mat HTMLElementImpl._descendantAdded ([22m[2m../../node_modules/.pnpm/jsdom@20.0.3/node_modules/jsdom/lib/jsdom/living/nodes/Node-impl.js[2m:252:16)[22m[2m[22m
[2m      [2mat HTMLElementImpl._descendantAdded ([22m[2m../../node_modules/.pnpm/jsdom@20.0.3/node_modules/jsdom/lib/jsdom/living/nodes/Node-impl.js[2m:252:16)[22m[2m[22m
[2m      [2mat HTMLElementImpl._descendantAdded ([22m[2m../../node_modules/.pnpm/jsdom@20.0.3/node_modules/jsdom/lib/jsdom/living/nodes/Node-impl.js[2m:252:16)[22m[2m[22m
[2m      [2mat HTMLElementImpl._descendantAdded ([22m[2m../../node_modules/.pnpm/jsdom@20.0.3/node_modules/jsdom/lib/jsdom/living/nodes/Node-impl.js[2m:252:16)[22m[2m[22m
[2m      [2mat HTMLElementImpl._descendantAdded ([22m[2m../../node_modules/.pnpm/jsdom@20.0.3/node_modules/jsdom/lib/jsdom/living/nodes/Node-impl.js[2m:252:16)[22m[2m[22m
[2m      [2mat HTMLElementImpl._descendantAdded ([22m[2m../../node_modules/.pnpm/jsdom@20.0.3/node_modules/jsdom/lib/jsdom/living/nodes/Node-impl.js[2m:252:16)[22m[2m[22m
[2m      [2mat HTMLElementImpl._descendantAdded ([22m[2m../../node_modules/.pnpm/jsdom@20.0.3/node_modules/jsdom/lib/jsdom/living/nodes/Node-impl.js[2m:252:16)[22m[2m[22m
[2m      [2mat HTMLElementImpl._descendantAdded ([22m[2m../../node_modules/.pnpm/jsdom@20.0.3/node_modules/jsdom/lib/jsdom/living/nodes/Node-impl.js[2m:252:16)[22m[2m[22m
[2m      [2mat HTMLElementImpl._descendantAdded ([22m[2m../../node_modules/.pnpm/jsdom@20.0.3/node_modules/jsdom/lib/jsdom/living/nodes/Node-impl.js[2m:252:16)[22m[2m[22m
[2m      [2mat HTMLElementImpl._descendantAdded ([22m[2m../../node_modules/.pnpm/jsdom@20.0.3/node_modules/jsdom/lib/jsdom/living/nodes/Node-impl.js[2m:252:16)[22m[2m[22m
[2m      [2mat HTMLElementImpl._descendantAdded ([22m[2m../../node_modules/.pnpm/jsdom@20.0.3/node_modules/jsdom/lib/jsdom/living/nodes/Node-impl.js[2m:252:16)[22m[2m[22m
[2m      [2mat HTMLElementImpl._descendantAdded ([22m[2m../../node_modules/.pnpm/jsdom@20.0.3/node_modules/jsdom/lib/jsdom/living/nodes/Node-impl.js[2m:252:16)[22m[2m[22m
[2m      [2mat HTMLElementImpl._descendantAdded ([22m[2m../../node_modules/.pnpm/jsdom@20.0.3/node_modules/jsdom/lib/jsdom/living/nodes/Node-impl.js[2m:252:16)[22m[2m[22m
[2m      [2mat HTMLElementImpl._descendantAdded ([22m[2m../../node_modules/.pnpm/jsdom@20.0.3/node_modules/jsdom/lib/jsdom/living/nodes/Node-impl.js[2m:252:16)[22m[2m[22m
[2m      [2mat HTMLElementImpl._descendantAdded ([22m[2m../../node_modules/.pnpm/jsdom@20.0.3/node_modules/jsdom/lib/jsdom/living/nodes/Node-impl.js[2m:252:16)[22m[2m[22m
[2m      [2mat HTMLElementImpl._descendantAdded ([22m[2m../../node_modules/.pnpm/jsdom@20.0.3/node_modules/jsdom/lib/jsdom/living/nodes/Node-impl.js[2m:252:16)[22m[2m[22m
[2m      [2mat HTMLElementImpl._descendantAdded ([22m[2m../../node_modules/.pnpm/jsdom@20.0.3/node_modules/jsdom/lib/jsdom/living/nodes/Node-impl.js[2m:252:16)[22m[2m[22m
[2m      [2mat HTMLElementImpl._descendantAdded ([22m[2m../../node_modules/.pnpm/jsdom@20.0.3/node_modules/jsdom/lib/jsdom/living/nodes/Node-impl.js[2m:252:16)[22m[2m[22m
[2m      [2mat HTMLElementImpl._descendantAdded ([22m[2m../../node_modules/.pnpm/jsdom@20.0.3/node_modules/jsdom/lib/jsdom/living/nodes/Node-impl.js[2m:252:16)[22m[2m[22m
[2m      [2mat HTMLElementImpl._descendantAdded ([22m[2m../../node_modules/.pnpm/jsdom@20.0.3/node_modules/jsdom/lib/jsdom/living/nodes/Node-impl.js[2m:252:16)[22m[2m[22m
[2m      [2mat HTMLElementImpl._descendantAdded ([22m[2m../../node_modules/.pnpm/jsdom@20.0.3/node_modules/jsdom/lib/jsdom/living/nodes/Node-impl.js[2m:252:16)[22m[2m[22m
[2m      [2mat HTMLElementImpl._descendantAdded ([22m[2m../../node_modules/.pnpm/jsdom@20.0.3/node_modules/jsdom/lib/jsdom/living/nodes/Node-impl.js[2m:252:16)[22m[2m[22m
[2m      [2mat HTMLElementImpl._descendantAdded ([22m[2m../../node_modules/.pnpm/jsdom@20.0.3/node_modules/jsdom/lib/jsdom/living/nodes/Node-impl.js[2m:252:16)[22m[2m[22m
[2m      [2mat HTMLElementImpl._descendantAdded ([22m[2m../../node_modules/.pnpm/jsdom@20.0.3/node_modules/jsdom/lib/jsdom/living/nodes/Node-impl.js[2m:252:16)[22m[2m[22m
[2m      [2mat HTMLElementImpl._descendantAdded ([22m[2m../../node_modules/.pnpm/jsdom@20.0.3/node_modules/jsdom/lib/jsdom/living/nodes/Node-impl.js[2m:252:16)[22m[2m[22m
[2m      [2mat HTMLElementImpl._descendantAdded ([22m[2m../../node_modules/.pnpm/jsdom@20.0.3/node_modules/jsdom/lib/jsdom/living/nodes/Node-impl.js[2m:252:16)[22m[2m[22m
[2m      [2mat HTMLElementImpl._descendantAdded ([22m[2m../../node_modules/.pnpm/jsdom@20.0.3/node_modules/jsdom/lib/jsdom/living/nodes/Node-impl.js[2m:252:16)[22m[2m[22m
[2m      [2mat HTMLElementImpl._descendantAdded ([22m[2m../../node_modules/.pnpm/jsdom@20.0.3/node_modules/jsdom/lib/jsdom/living/nodes/Node-impl.js[2m:252:16)[22m[2m[22m
[2m      [2mat HTMLElementImpl._descendantAdded ([22m[2m../../node_modules/.pnpm/jsdom@20.0.3/node_modules/jsdom/lib/jsdom/living/nodes/Node-impl.js[2m:252:16)[22m[2m[22m
[2m      [2mat HTMLElementImpl._descendantAdded ([22m[2m../../node_modules/.pnpm/jsdom@20.0.3/node_modules/jsdom/lib/jsdom/living/nodes/Node-impl.js[2m:252:16)[22m[2m[22m
[2m      [2mat HTMLElementImpl._descendantAdded ([22m[2m../../node_modules/.pnpm/jsdom@20.0.3/node_modules/jsdom/lib/jsdom/living/nodes/Node-impl.js[2m:252:16)[22m[2m[22m
[2m      [2mat HTMLElementImpl._descendantAdded ([22m[2m../../node_modules/.pnpm/jsdom@20.0.3/node_modules/jsdom/lib/jsdom/living/nodes/Node-impl.js[2m:252:16)[22m[2m[22m
[2m      [2mat HTMLElementImpl._descendantAdded ([22m[2m../../node_modules/.pnpm/jsdom@20.0.3/node_modules/jsdom/lib/jsdom/living/nodes/Node-impl.js[2m:252:16)[22m[2m[22m
[2m      [2mat HTMLElementImpl._descendantAdded ([22m[2m../../node_modules/.pnpm/jsdom@20.0.3/node_modules/jsdom/lib/jsdom/living/nodes/Node-impl.js[2m:252:16)[22m[2m[22m
[2m      [2mat HTMLElementImpl._descendantAdded ([22m[2m../../node_modules/.pnpm/jsdom@20.0.3/node_modules/jsdom/lib/jsdom/living/nodes/Node-impl.js[2m:252:16)[22m[2m[22m
[2m      [2mat HTMLElementImpl._descendantAdded ([22m[2m../../node_modules/.pnpm/jsdom@20.0.3/node_modules/jsdom/lib/jsdom/living/nodes/Node-impl.js[2m:252:16)[22m[2m[22m
[2m      [2mat HTMLElementImpl._descendantAdded ([22m[2m../../node_modules/.pnpm/jsdom@20.0.3/node_modules/jsdom/lib/jsdom/living/nodes/Node-impl.js[2m:252:16)[22m[2m[22m
[2m      [2mat HTMLElementImpl._descendantAdded ([22m[2m../../node_modules/.pnpm/jsdom@20.0.3/node_modules/jsdom/lib/jsdom/living/nodes/Node-impl.js[2m:252:16)[22m[2m[22m
[2m      [2mat HTMLElementImpl._descendantAdded ([22m[2m../../node_modules/.pnpm/jsdom@20.0.3/node_modules/jsdom/lib/jsdom/living/nodes/Node-impl.js[2m:252:16)[22m[2m[22m
[2m      [2mat HTMLElementImpl._descendantAdded ([22m[2m../../node_modules/.pnpm/jsdom@20.0.3/node_modules/jsdom/lib/jsdom/living/nodes/Node-impl.js[2m:252:16)[22m[2m[22m
[2m      [2mat HTMLElementImpl._descendantAdded ([22m[2m../../node_modules/.pnpm/jsdom@20.0.3/node_modules/jsdom/lib/jsdom/living/nodes/Node-impl.js[2m:252:16)[22m[2m[22m
[2m      [2mat HTMLElementImpl._descendantAdded ([22m[2m../../node_modules/.pnpm/jsdom@20.0.3/node_modules/jsdom/lib/jsdom/living/nodes/Node-impl.js[2m:252:16)[22m[2m[22m
[2m      [2mat HTMLElementImpl._descendantAdded ([22m[2m../../node_modules/.pnpm/jsdom@20.0.3/node_modules/jsdom/lib/jsdom/living/nodes/Node-impl.js[2m:252:16)[22m[2m[22m
[2m      [2mat HTMLElementImpl._descendantAdded ([22m[2m../../node_modules/.pnpm/jsdom@20.0.3/node_modules/jsdom/lib/jsdom/living/nodes/Node-impl.js[2m:252:16)[22m[2m[22m
[2m      [2mat HTMLElementImpl._descendantAdded ([22m[2m../../node_modules/.pnpm/jsdom@20.0.3/node_modules/jsdom/lib/jsdom/living/nodes/Node-impl.js[2m:252:16)[22m[2m[22m
[2m      [2mat HTMLElementImpl._descendantAdded ([22m[2m../../node_modules/.pnpm/jsdom@20.0.3/node_modules/jsdom/lib/jsdom/living/nodes/Node-impl.js[2m:252:16)[22m[2m[22m
[2m      [2mat HTMLElementImpl._descendantAdded ([22m[2m../../node_modules/.pnpm/jsdom@20.0.3/node_modules/jsdom/lib/jsdom/living/nodes/Node-impl.js[2m:252:16)[22m[2m[22m
[2m      [2mat HTMLElementImpl._descendantAdded ([22m[2m../../node_modules/.pnpm/jsdom@20.0.3/node_modules/jsdom/lib/jsdom/living/nodes/Node-impl.js[2m:252:16)[22m[2m[22m
[2m      [2mat HTMLElementImpl._descendantAdded ([22m[2m../../node_modules/.pnpm/jsdom@20.0.3/node_modules/jsdom/lib/jsdom/living/nodes/Node-impl.js[2m:252:16)[22m[2m[22m
[2m      [2mat HTMLElementImpl._descendantAdded ([22m[2m../../node_modules/.pnpm/jsdom@20.0.3/node_modules/jsdom/lib/jsdom/living/nodes/Node-impl.js[2m:252:16)[22m[2m[22m
[2m      [2mat HTMLElementImpl._descendantAdded ([22m[2m../../node_modules/.pnpm/jsdom@20.0.3/node_modules/jsdom/lib/jsdom/living/nodes/Node-impl.js[2m:252:16)[22m[2m[22m
[2m      [2mat HTMLElementImpl._descendantAdded ([22m[2m../../node_modules/.pnpm/jsdom@20.0.3/node_modules/jsdom/lib/jsdom/living/nodes/Node-impl.js[2m:252:16)[22m[2m[22m
[2m      [2mat HTMLElementImpl._descendantAdded ([22m[2m../../node_modules/.pnpm/jsdom@20.0.3/node_modules/jsdom/lib/jsdom/living/nodes/Node-impl.js[2m:252:16)[22m[2m[22m
[1mTest Suites: [22m[1m[31m1 failed[39m[22m, 1 total
[1mTests:       [22m[1m[31m3 failed[39m[22m, 3 total
[1mSnapshots:   [22m0 total
[1mTime:[22m        9.351 s
[2mRan all test suites[22m[2m matching [22m/app.component.spec.ts/i[2m.[22m



 NX   Running target test for project shell failed

Failed tasks:

- shell:test

Hint: run the command with --verbose for more details.

